// Vitest Snapshot v1, https://vitest.dev/guide/snapshot.html

exports[`Field > 'Default' 1`] = `
<body>
  <div>
    <div
      class="MuiFormControl-root MuiTextField-root css-1u3bzj6-MuiFormControl-root-MuiTextField-root"
    >
      <div
        class="MuiInputBase-root MuiOutlinedInput-root MuiInputBase-colorPrimary MuiInputBase-formControl css-9ddj71-MuiInputBase-root-MuiOutlinedInput-root"
      >
        <input
          aria-invalid="false"
          class="MuiInputBase-input MuiOutlinedInput-input css-1t8l2tu-MuiInputBase-input-MuiOutlinedInput-input"
          defaultvalue=""
          id=":r0:"
          type="text"
        />
        <fieldset
          aria-hidden="true"
          class="MuiOutlinedInput-notchedOutline css-1d3z3hw-MuiOutlinedInput-notchedOutline"
        >
          <legend
            class="css-ihdtdm"
          >
            <span
              class="notranslate"
            >
              ​
            </span>
          </legend>
        </fieldset>
      </div>
    </div>
  </div>
</body>
`;

exports[`Field > 'Default' 2`] = `
<body>
  <div>
    <div
      class="MuiFormControl-root MuiTextField-root css-1u3bzj6-MuiFormControl-root-MuiTextField-root"
    >
      <div
        class="MuiInputBase-root MuiOutlinedInput-root MuiInputBase-colorPrimary MuiInputBase-formControl css-9ddj71-MuiInputBase-root-MuiOutlinedInput-root"
      >
        <input
          aria-invalid="false"
          class="MuiInputBase-input MuiOutlinedInput-input css-1t8l2tu-MuiInputBase-input-MuiOutlinedInput-input"
          defaultvalue=""
          id=":r0:"
          type="text"
        />
        <fieldset
          aria-hidden="true"
          class="MuiOutlinedInput-notchedOutline css-1d3z3hw-MuiOutlinedInput-notchedOutline"
        >
          <legend
            class="css-ihdtdm"
          >
            <span
              class="notranslate"
            >
              ​
            </span>
          </legend>
        </fieldset>
      </div>
    </div>
  </div>
</body>
`;

exports[`Field > 'Error' 1`] = `
<body>
  <div>
    <div
      class="MuiFormControl-root MuiTextField-root css-1u3bzj6-MuiFormControl-root-MuiTextField-root"
    >
      <label
        class="MuiFormLabel-root MuiInputLabel-root MuiInputLabel-formControl MuiInputLabel-animated MuiInputLabel-outlined MuiFormLabel-colorPrimary Mui-error MuiInputLabel-root MuiInputLabel-formControl MuiInputLabel-animated MuiInputLabel-outlined css-14s5rfu-MuiFormLabel-root-MuiInputLabel-root"
        data-shrink="false"
        for=":r2:"
        id=":r2:-label"
      >
        エラー
      </label>
      <div
        class="MuiInputBase-root MuiOutlinedInput-root MuiInputBase-colorPrimary Mui-error MuiInputBase-formControl css-9ddj71-MuiInputBase-root-MuiOutlinedInput-root"
      >
        <input
          aria-invalid="true"
          class="MuiInputBase-input MuiOutlinedInput-input css-1t8l2tu-MuiInputBase-input-MuiOutlinedInput-input"
          defaultvalue=""
          id=":r2:"
          type="text"
        />
        <fieldset
          aria-hidden="true"
          class="MuiOutlinedInput-notchedOutline css-1d3z3hw-MuiOutlinedInput-notchedOutline"
        >
          <legend
            class="css-yjsfm1"
          >
            <span>
              エラー
            </span>
          </legend>
        </fieldset>
      </div>
    </div>
  </div>
</body>
`;

exports[`Field > 'Error' 2`] = `
<body>
  <div>
    <div
      class="MuiFormControl-root MuiTextField-root css-1u3bzj6-MuiFormControl-root-MuiTextField-root"
    >
      <label
        class="MuiFormLabel-root MuiInputLabel-root MuiInputLabel-formControl MuiInputLabel-animated MuiInputLabel-outlined MuiFormLabel-colorPrimary Mui-error MuiInputLabel-root MuiInputLabel-formControl MuiInputLabel-animated MuiInputLabel-outlined css-14s5rfu-MuiFormLabel-root-MuiInputLabel-root"
        data-shrink="false"
        for=":r2:"
        id=":r2:-label"
      >
        エラー
      </label>
      <div
        class="MuiInputBase-root MuiOutlinedInput-root MuiInputBase-colorPrimary Mui-error MuiInputBase-formControl css-9ddj71-MuiInputBase-root-MuiOutlinedInput-root"
      >
        <input
          aria-invalid="true"
          class="MuiInputBase-input MuiOutlinedInput-input css-1t8l2tu-MuiInputBase-input-MuiOutlinedInput-input"
          defaultvalue=""
          id=":r2:"
          type="text"
        />
        <fieldset
          aria-hidden="true"
          class="MuiOutlinedInput-notchedOutline css-1d3z3hw-MuiOutlinedInput-notchedOutline"
        >
          <legend
            class="css-yjsfm1"
          >
            <span>
              エラー
            </span>
          </legend>
        </fieldset>
      </div>
    </div>
  </div>
</body>
`;

exports[`Field > 'Label' 1`] = `
<body>
  <div>
    <div
      class="MuiFormControl-root MuiTextField-root css-1u3bzj6-MuiFormControl-root-MuiTextField-root"
    >
      <label
        class="MuiFormLabel-root MuiInputLabel-root MuiInputLabel-formControl MuiInputLabel-animated MuiInputLabel-outlined MuiFormLabel-colorPrimary MuiInputLabel-root MuiInputLabel-formControl MuiInputLabel-animated MuiInputLabel-outlined css-14s5rfu-MuiFormLabel-root-MuiInputLabel-root"
        data-shrink="false"
        for=":r1:"
        id=":r1:-label"
      >
        ラベル
      </label>
      <div
        class="MuiInputBase-root MuiOutlinedInput-root MuiInputBase-colorPrimary MuiInputBase-formControl css-9ddj71-MuiInputBase-root-MuiOutlinedInput-root"
      >
        <input
          aria-invalid="false"
          class="MuiInputBase-input MuiOutlinedInput-input css-1t8l2tu-MuiInputBase-input-MuiOutlinedInput-input"
          defaultvalue=""
          id=":r1:"
          type="text"
        />
        <fieldset
          aria-hidden="true"
          class="MuiOutlinedInput-notchedOutline css-1d3z3hw-MuiOutlinedInput-notchedOutline"
        >
          <legend
            class="css-yjsfm1"
          >
            <span>
              ラベル
            </span>
          </legend>
        </fieldset>
      </div>
    </div>
  </div>
</body>
`;

exports[`Field > 'Label' 2`] = `
<body>
  <div>
    <div
      class="MuiFormControl-root MuiTextField-root css-1u3bzj6-MuiFormControl-root-MuiTextField-root"
    >
      <label
        class="MuiFormLabel-root MuiInputLabel-root MuiInputLabel-formControl MuiInputLabel-animated MuiInputLabel-outlined MuiFormLabel-colorPrimary MuiInputLabel-root MuiInputLabel-formControl MuiInputLabel-animated MuiInputLabel-outlined css-14s5rfu-MuiFormLabel-root-MuiInputLabel-root"
        data-shrink="false"
        for=":r1:"
        id=":r1:-label"
      >
        ラベル
      </label>
      <div
        class="MuiInputBase-root MuiOutlinedInput-root MuiInputBase-colorPrimary MuiInputBase-formControl css-9ddj71-MuiInputBase-root-MuiOutlinedInput-root"
      >
        <input
          aria-invalid="false"
          class="MuiInputBase-input MuiOutlinedInput-input css-1t8l2tu-MuiInputBase-input-MuiOutlinedInput-input"
          defaultvalue=""
          id=":r1:"
          type="text"
        />
        <fieldset
          aria-hidden="true"
          class="MuiOutlinedInput-notchedOutline css-1d3z3hw-MuiOutlinedInput-notchedOutline"
        >
          <legend
            class="css-yjsfm1"
          >
            <span>
              ラベル
            </span>
          </legend>
        </fieldset>
      </div>
    </div>
  </div>
</body>
`;
